epoch 1 train_loss 5.0236 dev_loss 3.6566 lr 0.001370
epoch 2 train_loss 3.4388 dev_loss 3.0020 lr 0.000969
epoch 3 train_loss 2.9850 dev_loss 2.7920 lr 0.000791
epoch 4 train_loss 2.7874 dev_loss 2.6890 lr 0.000685
epoch 5 train_loss 2.6682 dev_loss 2.6242 lr 0.000613
epoch 6 train_loss 2.5904 dev_loss 2.5970 lr 0.000559
epoch 7 train_loss 2.5316 dev_loss 2.5612 lr 0.000518
epoch 8 train_loss 2.4858 dev_loss 2.5301 lr 0.000484
epoch 9 train_loss 2.4486 dev_loss 2.5108 lr 0.000457
epoch 10 train_loss 2.4172 dev_loss 2.4897 lr 0.000433
epoch 11 train_loss 2.3905 dev_loss 2.4855 lr 0.000413
epoch 12 train_loss 2.3678 dev_loss 2.4663 lr 0.000395
epoch 13 train_loss 2.3472 dev_loss 2.4639 lr 0.000380
epoch 14 train_loss 2.3286 dev_loss 2.4580 lr 0.000366
epoch 15 train_loss 2.3130 dev_loss 2.4331 lr 0.000354
epoch 16 train_loss 2.2979 dev_loss 2.4374 lr 0.000342
epoch 17 train_loss 2.2870 dev_loss 2.4337 lr 0.000332
epoch 18 train_loss 2.2724 dev_loss 2.4337 lr 0.000323
epoch 19 train_loss 2.2627 dev_loss 2.4244 lr 0.000314
epoch 20 train_loss 2.2523 dev_loss 2.4128 lr 0.000306
epoch 21 train_loss 2.2447 dev_loss 2.4166 lr 0.000299
epoch 22 train_loss 2.2343 dev_loss 2.4064 lr 0.000292
epoch 23 train_loss 2.2266 dev_loss 2.4098 lr 0.000286
epoch 24 train_loss 2.2181 dev_loss 2.4018 lr 0.000280
